------------------------------------------------------------
Timing Analyzer Summary
------------------------------------------------------------

Type  : Slow 1100mV 85C Model Setup 'clk'
Slack : 2.170
TNS   : 0.000

Type  : Slow 1100mV 85C Model Hold 'clk'
Slack : 0.707
TNS   : 0.000

Type  : Slow 1100mV 85C Model Minimum Pulse Width 'clk'
Slack : 0.455
TNS   : 0.000

Type  : Slow 1100mV 0C Model Setup 'clk'
Slack : 2.172
TNS   : 0.000

Type  : Slow 1100mV 0C Model Hold 'clk'
Slack : 0.709
TNS   : 0.000

Type  : Slow 1100mV 0C Model Minimum Pulse Width 'clk'
Slack : 0.455
TNS   : 0.000

Type  : Fast 1100mV 85C Model Setup 'clk'
Slack : 3.004
TNS   : 0.000

Type  : Fast 1100mV 85C Model Hold 'clk'
Slack : 0.247
TNS   : 0.000

Type  : Fast 1100mV 85C Model Minimum Pulse Width 'clk'
Slack : 2.000
TNS   : 0.000

Type  : Fast 1100mV 0C Model Setup 'clk'
Slack : 3.002
TNS   : 0.000

Type  : Fast 1100mV 0C Model Hold 'clk'
Slack : 0.214
TNS   : 0.000

Type  : Fast 1100mV 0C Model Minimum Pulse Width 'clk'
Slack : 2.000
TNS   : 0.000

------------------------------------------------------------
